{
  "$id": "https://schemas.liveramp.com/segmentdeliveryattemptstats",
  "$schema": "http://json-schema.org/draft-07/schema#",
  "type": "object",
  "properties": {
    "totalAudienceKeys": {
      "type": "integer",
      "format": "int64"
    },
    "audienceKeysMatched": {
      "type": "integer",
      "format": "int64"
    },
    "targetIdentifiersMatched": {
      "type": "integer",
      "format": "int64"
    },
    "targetIdentifiersDelivered": {
      "type": "integer",
      "format": "int64"
    }
  },
  "required": [
    "totalAudienceKeys",
    "audienceKeysMatched",
    "targetIdentifiersMatched",
    "targetIdentifiersDelivered"
  ]
}